// Vitest Snapshot v1, https://vitest.dev/guide/snapshot.html

exports[`buildFacts > matches the snapshot 1`] = `
[
  {
    "detail": "Merged pull requests with a non-negative first non-author approval to merge interval.",
    "id": "fact:cycletime:approval_to_merge_n",
    "kind": "cycletime",
    "subject": "approval_to_merge_n",
    "unit": "pull_requests",
    "value": 3,
  },
  {
    "detail": "Median seconds from first non-author approval to merge. Null when no merged pull request had this interval. n=3.",
    "id": "fact:cycletime:approval_to_merge_p50",
    "kind": "cycletime",
    "subject": "approval_to_merge_p50",
    "unit": "seconds",
    "value": 300,
  },
  {
    "detail": "75th percentile seconds from first non-author approval to merge. Null when no merged pull request had this interval. n=3.",
    "id": "fact:cycletime:approval_to_merge_p75",
    "kind": "cycletime",
    "subject": "approval_to_merge_p75",
    "unit": "seconds",
    "value": 645,
  },
  {
    "detail": "Merged pull requests with a non-negative ready (or created, when ready is missing) to first non-author review interval.",
    "id": "fact:cycletime:first_review_n",
    "kind": "cycletime",
    "subject": "first_review_n",
    "unit": "pull_requests",
    "value": 3,
  },
  {
    "detail": "Median seconds from ready (or created, when ready is missing) to first non-author review. Null when no merged pull request had this interval. n=3.",
    "id": "fact:cycletime:first_review_p50",
    "kind": "cycletime",
    "subject": "first_review_p50",
    "unit": "seconds",
    "value": 20,
  },
  {
    "detail": "75th percentile seconds from ready (or created, when ready is missing) to first non-author review. Null when no merged pull request had this interval. n=3.",
    "id": "fact:cycletime:first_review_p75",
    "kind": "cycletime",
    "subject": "first_review_p75",
    "unit": "seconds",
    "value": 60,
  },
  {
    "detail": "Merged pull requests with a non-negative first non-author review to first non-author approval interval.",
    "id": "fact:cycletime:review_to_approval_n",
    "kind": "cycletime",
    "subject": "review_to_approval_n",
    "unit": "pull_requests",
    "value": 3,
  },
  {
    "detail": "Median seconds from first non-author review to first non-author approval. Null when no merged pull request had this interval. n=3.",
    "id": "fact:cycletime:review_to_approval_p50",
    "kind": "cycletime",
    "subject": "review_to_approval_p50",
    "unit": "seconds",
    "value": 0,
  },
  {
    "detail": "75th percentile seconds from first non-author review to first non-author approval. Null when no merged pull request had this interval. n=3.",
    "id": "fact:cycletime:review_to_approval_p75",
    "kind": "cycletime",
    "subject": "review_to_approval_p75",
    "unit": "seconds",
    "value": 0,
  },
  {
    "detail": "grace has 3 authored pull requests (position 1).",
    "id": "fact:leaderboard:authors:grace",
    "kind": "leaderboard",
    "subject": "authors:grace",
    "unit": "pull_requests",
    "value": 3,
  },
  {
    "detail": "linus has 1 authored pull request (position 2).",
    "id": "fact:leaderboard:authors:linus",
    "kind": "leaderboard",
    "subject": "authors:linus",
    "unit": "pull_requests",
    "value": 1,
  },
  {
    "detail": "grace has 2 merged pull requests authored (position 1).",
    "id": "fact:leaderboard:closers:grace",
    "kind": "leaderboard",
    "subject": "closers:grace",
    "unit": "pull_requests",
    "value": 2,
  },
  {
    "detail": "linus has 1 merged pull request authored (position 2).",
    "id": "fact:leaderboard:closers:linus",
    "kind": "leaderboard",
    "subject": "closers:linus",
    "unit": "pull_requests",
    "value": 1,
  },
  {
    "detail": "ada has 3 non-self review submissions (position 1).",
    "id": "fact:leaderboard:reviewers:ada",
    "kind": "leaderboard",
    "subject": "reviewers:ada",
    "unit": "reviews",
    "value": 3,
  },
  {
    "detail": "grace has 1 non-self review submission (position 2).",
    "id": "fact:leaderboard:reviewers:grace",
    "kind": "leaderboard",
    "subject": "reviewers:grace",
    "unit": "reviews",
    "value": 1,
  },
  {
    "detail": "Fewest people covering 0.5 of authored pull requests. Null when the total is 0.",
    "id": "fact:loadbalance:authorship_bus_factor",
    "kind": "loadbalance",
    "subject": "authorship_bus_factor",
    "unit": "people",
    "value": 1,
  },
  {
    "detail": "Population Gini of authored pull requests across 4 people, idle teammates included. 0 is uniform. Null when there is nothing to share.",
    "id": "fact:loadbalance:authorship_gini",
    "kind": "loadbalance",
    "subject": "authorship_gini",
    "unit": "ratio",
    "value": 0.625,
  },
  {
    "detail": "Fewest people covering 0.5 of non-self review submissions. Null when the total is 0.",
    "id": "fact:loadbalance:reviews_bus_factor",
    "kind": "loadbalance",
    "subject": "reviews_bus_factor",
    "unit": "people",
    "value": 1,
  },
  {
    "detail": "Population Gini of non-self review submissions across 4 people, idle teammates included. 0 is uniform. Null when there is nothing to share.",
    "id": "fact:loadbalance:reviews_gini",
    "kind": "loadbalance",
    "subject": "reviews_gini",
    "unit": "ratio",
    "value": 0.625,
  },
  {
    "detail": "Reciprocity score for ada: gave 3, received 0. 1 is balanced, 0 is entirely one-way.",
    "id": "fact:reciprocity:ada",
    "kind": "reciprocity",
    "subject": "ada",
    "unit": "ratio",
    "value": 0,
  },
  {
    "detail": "ada reviewed 3 distinct pull requests by grace; reverse weight 0; ratio null; flagged=true.",
    "id": "fact:reciprocity:ada->grace",
    "kind": "reciprocity",
    "subject": "ada->grace",
    "unit": "pull_requests",
    "value": 3,
  },
  {
    "detail": "Reciprocity score for grace: gave 1, received 3. 1 is balanced, 0 is entirely one-way.",
    "id": "fact:reciprocity:grace",
    "kind": "reciprocity",
    "subject": "grace",
    "unit": "ratio",
    "value": 0.5,
  },
  {
    "detail": "grace reviewed 1 distinct pull request by linus; reverse weight 0; ratio null; flagged=false.",
    "id": "fact:reciprocity:grace->linus",
    "kind": "reciprocity",
    "subject": "grace->linus",
    "unit": "pull_requests",
    "value": 1,
  },
  {
    "detail": "Reciprocity score for linus: gave 0, received 1. 1 is balanced, 0 is entirely one-way.",
    "id": "fact:reciprocity:linus",
    "kind": "reciprocity",
    "subject": "linus",
    "unit": "ratio",
    "value": 0,
  },
  {
    "detail": "Rubber-stamp rate for ada: 1 of 2 eligible approvals was faster than 300s, silent, and larger than 100 lines.",
    "id": "fact:rubberstamp:ada",
    "kind": "rubberstamp",
    "subject": "ada",
    "unit": "ratio",
    "value": 0.5,
  },
  {
    "detail": "Rubber-stamp rate for ada approving grace: 1 of 2 eligible approvals flagged.",
    "id": "fact:rubberstamp:ada->grace",
    "kind": "rubberstamp",
    "subject": "ada->grace",
    "unit": "ratio",
    "value": 0.5,
  },
  {
    "detail": "Rubber-stamp rate for grace: 0 of 1 eligible approvals were faster than 300s, silent, and larger than 100 lines.",
    "id": "fact:rubberstamp:grace",
    "kind": "rubberstamp",
    "subject": "grace",
    "unit": "ratio",
    "value": 0,
  },
  {
    "detail": "Rubber-stamp rate for grace approving linus: 0 of 1 eligible approvals flagged.",
    "id": "fact:rubberstamp:grace->linus",
    "kind": "rubberstamp",
    "subject": "grace->linus",
    "unit": "ratio",
    "value": 0,
  },
]
`;
